// Jest Snapshot v1, https://goo.gl/fbAQLP

exports[`Validate link URLs 1`] = `
Array [
  "data:image/png;base64,iVBORw0KGgoAAAANSUhEUgAAABAAAAAQCAYAAAAf8/9hAAABoklEQVR42p2TzUtUURjGJy7SBC0GB8PPmatDgjMhg6CtEskyRBLJghBkLi1cn0VQKMoJSSW1AQUz+rhBEKbCWbuISxpEFJ2d23Ht5v4Jv86V0WZGZxp74N2d33Oe9z3vCYUqyHEcggr9j/KgCqrExOmMR1RVMHkdmwxfD2n96R7y7hWqhnO5HGJiBPXsMuw/hletPOq29D9h3/fJLkrk2AXYa4efAlYamOixfHMmUhF2XRdxP4K/WQNfmuFgGl43I0cTnDGTv7DWGjGeRq9a8C0Fv/rhxy3YHcBXdxC9MYIzRSaFN0spTdQx2L4JH/vgcB1+O6CGYa4Nb7IFz/OKBnvaYKMD3sZN7Dn4moGZBKxfhXcxsiPhowRFBqUt2HYT+vs8vDHRn9smSTv+i1rEUBtKqdNw4RzS6RR6ZxIWOs3QzK3vY7iZOuRTcfQqZeFAjY21rl57CMsG3EyRm40iRrtOeq4I2/VhqT+bfj8kzRvGkYNhsi+XKFRZONCDG1GPrWvoqSh9Ccsrt8pl13cgeVE9uX0p2DBRxWc6U3a+zv2d/wCsTn3YI226kwAAAABJRU5ErkJggg==",
  "http://banach.ucsd.edu/RefreshCannon/",
  "http://banach.ucsd.edu/RefreshCannon/wins.php",
  "http://beach-boys.aure.com/",
  "http://bit.ly",
  "http://classicalcode.com/chelseahollow/?cat=9",
  "http://classicalcode.com/projects/hero.png",
  "http://classicalcode.com/projects/hero/high_score.php",
  "http://classicalcode.com/projects/hero/register.php",
  "http://codeception.com/docs/03-ModulesAndHelpers",
  "http://facepwn.com/avatarstats.php",
  "http://illinistatesmen.org/files/classic_tags.pdf",
  "http://music.classicalcode.com",
  "http://musicdance.sfsu.edu/faculty/84/david-xiques",
  "http://sacrej.eu/index.php/2009/05/06/refresh-cannon/",
  "http://tinyurl.com/nl92nr8",
  "http://tinyurl.com/porqfo9",
  "http://webassembly.Global",
  "http://winterreise.classicalcode.com",
  "http://winterreise.classicalcode.com/",
  "http://winterreise.classicalcode.com/?feed=rss2",
  "http://www.amazon.com/I-Only-Have-Eyes-You/dp/B000005MWW",
  "http://www.amazon.com/Zoom-ZOO-H4-Handy-Recorder/dp/B000LGA2K6",
  "http://www.amazon.com/gp/product/0762441771/ref=as_li_ss_tl?ie=UTF8&camp=1789&creative=390957&creativeASIN=0762441771&linkCode=as2&tag=wtfsibfc-20",
  "http://www.amazon.com/gp/product/B000LGA2K6?ie=UTF8&tag=winterjourna-20&linkCode=as2&camp=1789&creative=390957&creativeASIN=B000LGA2K6",
  "http://www.classicalcode.com/projects/sadtrombonemylife/",
  "http://www.classicalcode.com/t.php",
  "http://www.classicalcode.com/wiki/",
  "http://www.classicsforkids.com/teachers/training/handsigns.asp",
  "http://www.davescooltoys.com/twists.html",
  "http://www.eleukeusa.com/",
  "http://www.godaddy.com",
  "http://www.limerickdb.com",
  "http://www.math.ucsd.edu/~neldredg/",
  "http://www.meetup.com/vim-sf/",
  "http://www.pcmag.com/article2/0,1759,2243715,00.asp",
  "http://www.pgp.com/",
  "http://www.rc.net/orange/stboniface/",
  "http://www.sfsu.edu/~music/patty/faculty.html#deeter",
  "http://www.socratesrules.com",
  "http://www.spypig.com/",
  "http://www.stampedecitychorus.com/classic_tags_men2.pdf",
  "http://www.theflip.com/products_flip_ultra.shtml",
  "http://www.thesublimelight.com",
  "http://www.tias.com/stores/yesterdaysjewels/pictures/t2-3002a.jpg",
  "http://www.woot.com/",
  "http://www.zaynardstudios.com/Welcome.html",
  "https://filext.com/file-extension/ANI",
  "https://github.com/captbaritone/winamp2-js/blob/master/js/skinParser.js",
  "https://github.com/epistemex/cardinal-spline-js",
  "https://hearsaysocial.com/company/careers/engineering/",
  "https://marketplace.visualstudio.com/items?itemName=JordanEldredge.implicit-parentheses",
  "https://news.ycombinator.com/item?id=15314629",
  "https://news.ycombinator.com/item?id=16333550",
  "https://news.ycombinator.com/item?id=17583997",
  "https://news.ycombinator.com/item?id=24373699",
  "https://news.ycombinator.com/item?id=8565665",
  "https://pragprog.com/book/tpp/the-pragmatic-programmer",
  "https://raw.githubusercontent.com/captbaritone/programming-blog-content/master/blog/bingy-bongy-music-in-javascript.md",
  "https://raw.githubusercontent.com/captbaritone/programming-blog-content/master/blog/creating-the-shepard-tone-audio-illusion-with-javascript.md",
  "https://raw.githubusercontent.com/captbaritone/programming-blog-content/master/blog/drawing-mandalas-with-javascript-and-canvas.md",
  "https://towardsdatascience.com/run-stylegan2-ada-on-an-aws-spot-instance-in-no-time-d2022fc1e119",
  "https://upboat.me/",
  "https://www.facebook.com/rsrc.php/v2/yc/r/J_2KFGBpaBp.png",
  "https://www.linkedin.com/in/jordaneldredge/",
]
`;
